<?php echo $__tintin->getCompiler()->_____executeCustomDirectory("meta"); ?>
